held-out set: 512 devices, ceiling r_ti in [0.625, 0.909]
  conservative: travel=0.5674 destroyed=0.0%
  oracle      : travel=0.6577 destroyed=0.0%

=== 3 independent training runs ===
  seed 0: travel=0.6410  destroyed=  0.0%  recovered= 81.5%  (154s)
  seed 1: travel=0.6341  destroyed=  0.0%  recovered= 73.9%  (153s)
  seed 2: travel=0.6447  destroyed=  0.0%  recovered= 85.6%  (152s)

  across seeds: travel=0.6399 +/- 0.0044   destroyed=0.0% +/- 0.0%   recovered=80.4% +/- 4.9%

=== Is it adapting? (best seed, binned by device ceiling) ===
          r_ti bin    n  conservative        RL   oracle   RL/r_ti
  [0.625,0.660]  103        0.5674    0.5801   0.5755     0.904
  [0.660,0.711]  102        0.5669    0.6101   0.6086     0.892
  [0.711,0.764]  102        0.5677    0.6424   0.6538     0.868
  [0.764,0.835]  102        0.5674    0.6753   0.6984     0.845
  [0.835,0.909]  103        0.5674    0.7155   0.7519     0.821

  corr(r_ti, travel):  RL=+0.991   conservative=+0.056
  std(travel) across devices:  RL=0.0490  conservative=0.0020

  VERDICT: ADAPTIVE -- travel tracks each device's own ceiling,
           so the policy is inferring beta from the response.
EXIT=0
